// Jest Snapshot v1, https://goo.gl/fbAQLP

exports[`<Button> renders component correctly 1`] = `
.c0 {
  padding: 10px 20px;
  border-radius: 8px;
  background-color: #304ffe;
  text-align: center;
  cursor: pointer;
}

.c0:hover {
  background-color: #1e40ff;
}

.c0:active {
  box-shadow: inset 5px 5px 10px rgba(0,0,0,0.2);
}

.c1 {
  color: #fff;
  font-size: 16px;
}

<div>
  <div
    class="c0"
  >
    <div
      class="c1"
    >
      Button Test
    </div>
  </div>
</div>
`;
