// Jest Snapshot v1, https://goo.gl/fbAQLP

exports[`<ToDoItem /> renders component correctly 1`] = `
.c2 {
  padding: 10px 20px;
  border-radius: 8px;
  background-color: #ff1744;
  text-align: center;
  cursor: pointer;
}

.c2:hover {
  background-color: #f01440;
}

.c2:active {
  box-shadow: inset 5px 5px 10px rgba(0,0,0,0.2);
}

.c3 {
  color: #fff;
  font-size: 16px;
}

.c0 {
  display: -webkit-box;
  display: -webkit-flex;
  display: -ms-flexbox;
  display: flex;
  -webkit-align-items: center;
  -webkit-box-align: center;
  -ms-flex-align: center;
  align-items: center;
  margin: 10px;
  padding: 10px;
  border-bottom: 1px solid #bdbdbd;
}

.c1 {
  -webkit-flex: 1;
  -ms-flex: 1;
  flex: 1;
  margin-left: 20px;
  font-size: 16px;
}

<div>
  <div
    class="c0"
  >
    <div
      class="c1"
    >
      default value
    </div>
    <div
      class="c2"
    >
      <div
        class="c3"
      >
        삭제
      </div>
    </div>
  </div>
</div>
`;
