// Jest Snapshot v1, https://goo.gl/fbAQLP

exports[`<App /> renders component correctly 1`] = `
.c5 {
  padding: 10px 20px;
  border-radius: 8px;
  background-color: #304ffe;
  text-align: center;
  cursor: pointer;
}

.c5:hover {
  background-color: #1e40ff;
}

.c5:active {
  box-shadow: inset 5px 5px 10px rgba(0,0,0,0.2);
}

.c6 {
  color: #fff;
  font-size: 16px;
}

.c4 {
  -webkit-flex: 1;
  -ms-flex: 1;
  flex: 1;
  padding: 10px;
  border: 1px solid #bdbdbd;
  border-radius: 8px;
  font-size: 16px;
  outline: none;
}

.c0 {
  display: -webkit-box;
  display: -webkit-flex;
  display: -ms-flexbox;
  display: flex;
  -webkit-box-pack: center;
  -webkit-justify-content: center;
  -ms-flex-pack: center;
  justify-content: center;
  -webkit-align-items: center;
  -webkit-box-align: center;
  -ms-flex-align: center;
  align-items: center;
  -webkit-flex-direction: column;
  -ms-flex-direction: column;
  flex-direction: column;
  min-height: 100vh;
}

.c1 {
  display: -webkit-box;
  display: -webkit-flex;
  display: -ms-flexbox;
  display: flex;
  -webkit-flex-direction: column;
  -ms-flex-direction: column;
  flex-direction: column;
  padding: 20px;
  border-radius: 8px;
  background-color: #fff;
  box-shadow: 5px 5px 10px rgba(0,0,0,0.2);
}

.c3 {
  display: -webkit-box;
  display: -webkit-flex;
  display: -ms-flexbox;
  display: flex;
}

.c2 {
  min-width: 350px;
  height: 400px;
  margin-bottom: 20px;
  border: 1px solid #bdbdbd;
  overflow-y: scroll;
}

<div>
  <div
    class="c0"
  >
    <div
      class="c1"
    >
      <div
        class="c2"
        data-testid="toDoList"
      />
      <div
        class="c3"
      >
        <input
          class="c4"
          placeholder="할 일을 입력해 주세요."
          value=""
        />
        <div
          class="c5"
        >
          <div
            class="c6"
          >
            추가
          </div>
        </div>
      </div>
    </div>
  </div>
</div>
`;
