// Jest Snapshot v1, https://goo.gl/fbAQLP

exports[`<App /> renders component correctly 1`] = `
.c4 {
  min-width: 350px;
  height: 400px;
  margin-bottom: 20px;
  border: 1px solid #bdbdbd;
  overflow-y: scroll;
}

.c1 {
  position: absolute;
  top: 0;
  left: 0;
  right: 0;
  display: -webkit-box;
  display: -webkit-flex;
  display: -ms-flexbox;
  display: flex;
  -webkit-box-pack: center;
  -webkit-justify-content: center;
  -ms-flex-pack: center;
  justify-content: center;
  -webkit-align-items: center;
  -webkit-box-align: center;
  -ms-flex-align: center;
  align-items: center;
  background-color: #1e40ff;
}

.c2 {
  padding: 20px;
  color: #fff;
  font-size: 20px;
  font-weight: 600;
}

.c3 {
  position: relative;
  display: -webkit-box;
  display: -webkit-flex;
  display: -ms-flexbox;
  display: flex;
  -webkit-align-items: center;
  -webkit-box-align: center;
  -ms-flex-align: center;
  align-items: center;
  -webkit-flex-direction: column;
  -ms-flex-direction: column;
  flex-direction: column;
  padding: 20px;
  border-radius: 8px;
  background-color: #fff;
  box-shadow: 5px 5px 10px rgba(0,0,0,0.2);
}

.c5 {
  position: absolute;
  bottom: -30px;
  display: -webkit-box;
  display: -webkit-flex;
  display: -ms-flexbox;
  display: flex;
  -webkit-box-pack: center;
  -webkit-justify-content: center;
  -ms-flex-pack: center;
  justify-content: center;
  -webkit-align-items: center;
  -webkit-box-align: center;
  -ms-flex-align: center;
  align-items: center;
  width: 60px;
  height: 60px;
  border-radius: 30px;
  background-color: #304ffe;
  font-size: 20px;
  color: #fff;
  box-shadow: 5px 5px 10px rgba(0,0,0,0.2);
  -webkit-text-decoration: none;
  text-decoration: none;
  cursor: pointer;
}

.c5:hover {
  background-color: #1e40ff;
}

.c5:active {
  box-shadow: inset 5px 5px 10px rgba(0,0,0,0.2);
}

.c0 {
  display: -webkit-box;
  display: -webkit-flex;
  display: -ms-flexbox;
  display: flex;
  -webkit-box-pack: center;
  -webkit-justify-content: center;
  -ms-flex-pack: center;
  justify-content: center;
  -webkit-align-items: center;
  -webkit-box-align: center;
  -ms-flex-align: center;
  align-items: center;
  -webkit-flex-direction: column;
  -ms-flex-direction: column;
  flex-direction: column;
  min-height: 100vh;
  background-color: #eee;
}

<div>
  <div
    class="c0"
  >
    <div
      class="c1"
    >
      <div
        class="c2"
      >
        할 일 목록
      </div>
    </div>
    <div
      class="c3"
    >
      <div
        class="c4"
        data-testid="toDoList"
      />
      <a
        class="c5"
        href="/add"
      >
        +
      </a>
    </div>
  </div>
</div>
`;
