// Jest Snapshot v1, https://goo.gl/fbAQLP

exports[`<App /> renders component correctly 1`] = `
.c3 {
  padding: 10px 20px;
  border-radius: 8px;
  background-color: #304ffe;
  text-align: center;
  cursor: pointer;
}

.c3:hover {
  background-color: #1e40ff;
}

.c3:active {
  box-shadow: inset 5px 5px 10px rgba(0,0,0,0.2);
}

.c4 {
  color: #fff;
  font-size: 16px;
}

.c2 {
  -webkit-flex: 1;
  -ms-flex: 1;
  flex: 1;
  padding: 10px;
  border: 1px solid #bdbdbd;
  border-radius: 8px;
  font-size: 16px;
  outline: none;
}

.c1 {
  display: -webkit-box;
  display: -webkit-flex;
  display: -ms-flexbox;
  display: flex;
}

.c0 {
  position: relative;
  display: -webkit-box;
  display: -webkit-flex;
  display: -ms-flexbox;
  display: flex;
  -webkit-align-items: center;
  -webkit-box-align: center;
  -ms-flex-align: center;
  align-items: center;
  -webkit-flex-direction: column;
  -ms-flex-direction: column;
  flex-direction: column;
  padding: 20px;
  border-radius: 8px;
  background-color: #fff;
  box-shadow: 5px 5px 10px rgba(0,0,0,0.2);
}

<div>
  <div
    class="c0"
  >
    <div
      class="c1"
    >
      <input
        class="c2"
        placeholder="할 일을 입력해 주세요."
        value=""
      />
      <div
        class="c3"
      >
        <div
          class="c4"
        >
          추가
        </div>
      </div>
    </div>
  </div>
</div>
`;
